13:31:59 **** Build of configuration Debug for project sudoku_project ****
make all 
'Building file: ../src/main.cpp'
'Invoking: ARM g++ compiler'
arm-xilinx-eabi-g++ -Wall -O0 -g3 -c -fmessage-length=0 -MT"src/main.o" -I../../sudoku_project_bsp/ps7_cortexa9_0/include -MMD -MP -MF"src/main.d" -MT"src/main.d" -o "src/main.o" "../src/main.cpp"
'Finished building: ../src/main.cpp'
' '
'Building target: sudoku_project.elf'
'Invoking: ARM g++ linker'
arm-xilinx-eabi-g++ -Wl,-T -Wl,../src/lscript.ld -L../../sudoku_project_bsp/ps7_cortexa9_0/lib -o "sudoku_project.elf"  ./src/main.o   -Wl,--start-group,-lxil,-lgcc,-lc,-lstdc++,--end-group
'Finished building target: sudoku_project.elf'
' '
'Invoking: ARM Print Size'
arm-xilinx-eabi-size sudoku_project.elf  |tee "sudoku_project.elf.size"
   text	   data	    bss	    dec	    hex	filename
  78384	   2704	  25284	 106372	  19f84	sudoku_project.elf
'Finished building: sudoku_project.elf.size'
' '

13:32:00 Build Finished (took 1s.42ms)

